=== 浠撳簱鎷ｈ揣娓告垙 - 瀹屾暣閾捐矾绔埌绔祴璇?===

馃敡 鍑嗗娴忚鍣ㄧ幆澧冩ā鎷?..

馃摝 鍔犺浇娓告垙妯″潡...
   妯″潡鍔犺浇鐘舵€? Storage=true, GameEngine=true, LEVEL_1=true

馃幃 寮€濮嬪畬鏁撮摼璺祴璇?..

   鍏冲崱: 鏂版墜浠撶鍛?   鎷ｈ揣鍛樻暟閲? 2
   鎺ㄨ溅鏁伴噺: 2
   璁㈠崟鏁伴噺: 4
   杩囧叧瑕佹眰: 鑷冲皯瀹屾垚 4 涓鍗?   鎷ｈ揣鍛?1: 灏忔槑 (W1) - status: 'idle'
   鎷ｈ揣鍛?2: 灏忕孩 (W2) - status: 'idle'
鉁?PASS: 1. 鍒濆鍖栨父鎴忓紩鎿?- 楠岃瘉寮€灞€鐘舵€?   绌洪棽鎷ｈ揣鍛? 2/2
   灏忔槑: disabled = false
   灏忕孩: disabled = false
鉁?PASS: 2. 楠岃瘉UI涓嬫媺閫夐」鐘舵€?- 鎷ｈ揣鍛樺簲鍙€夋嫨
   娲鹃仯 灏忔槑 (W1) 澶勭悊璁㈠崟 O-001 (S1)
   娲鹃仯缁撴灉: 鎴愬姛
   娲鹃仯鍚庣姸鎬? moving
   娲鹃仯 灏忕孩 (W2) 澶勭悊璁㈠崟 O-002 (S5)
   娲鹃仯缁撴灉: 鎴愬姛
   娲鹃仯鍚庣姸鎬? moving
鉁?PASS: 3. 棣栨娲惧伐 - 鍚屾椂娲鹃仯涓や釜鎷ｈ揣鍛樺鐞嗗墠涓ゅ崟
   鎺ㄨ繘娓告垙鏃堕棿 3 绉掞紙16ms/甯э級...
   灏忔槑 鐘舵€? picking, 浣嶇疆: (0, 1)
   灏忕孩 鐘舵€? moving, 浣嶇疆: (2, 2)
   澶勭悊涓嫞璐у憳: 2/2
鉁?PASS: 4. 鐪熷疄閫愬抚妯℃嫙锛?6ms/甯э級- 楠岃瘉鎷ｈ揣鍛樼Щ鍔ㄧ寮€鍑虹敓鐐?   鍒濆寰楀垎: 0, 宸插畬鎴? 0
   缁х画鎺ㄨ繘娓告垙鏃堕棿骞惰嚜鍔ㄦ淳閬ｇ┖闂叉嫞璐у憳...
   鉁?璁㈠崟 O-001 瀹屾垚! +286鍒?   馃殌 鑷姩娲鹃仯 灏忔槑 澶勭悊 O-003
   鉁?璁㈠崟 O-002 瀹屾垚! +235鍒?   馃殌 鑷姩娲鹃仯 灏忕孩 澶勭悊 O-004
   鉁?璁㈠崟 O-004 瀹屾垚! +355鍒?   鉁?璁㈠崟 O-003 瀹屾垚! +372鍒?   褰撳墠寰楀垎: 1248, 宸插畬鎴愯鍗? 4
   娓告垙鐘舵€? won
   灏忔槑: status=idle, pos=(7,0), pathLen=0, pathIdx=0
   灏忕孩: status=idle, pos=(0,0), pathLen=0, pathIdx=0
   O-001: status=completed, shelf=S1
   O-002: status=completed, shelf=S5
   O-003: status=completed, shelf=S8
   O-004: status=completed, shelf=S12
鉁?PASS: 5. 缁х画鎺ㄨ繘鏃堕棿 - 鑷姩娲鹃仯鎵€鏈夎鍗曞苟楠岃瘉寰楀垎澧炲姞
   娓告垙鐘舵€? won
   鏈€缁堝緱鍒? 1248
   宸插畬鎴愯鍗? 4/4
   瓒呮椂璁㈠崟: 0
   馃帀 鍏冲崱鑳滃埄!
鉁?PASS: 6. 楠岃瘉娓告垙鑳滃埄锛堟墍鏈夎鍗曞畬鎴愶級
   鎿嶄綔璁板綍鏁? 78
   娲鹃仯鎿嶄綔: 4
   绉诲姩鎿嶄綔: 62
   鎷ｈ揣鎿嶄綔: 4
   鎵撳寘鎿嶄綔: 4
   瀹屾垚鎿嶄綔: 4
鉁?PASS: 7. 楠岃瘉鎿嶄綔搴忓垪宸蹭繚瀛?- 瀹屾暣閾捐矾璁板綍
   鏈€缁堝緱鍒? 1248
   娓告垙鐘舵€? won
   宸插畬鎴愯鍗? 4/4
   涓嬩竴鍏筹紙LEVEL_2锛夋槸鍚﹀瓨鍦? 鏄?   鉁?鍙互杩涘叆涓嬩竴鍏? 鍗曞悜宸烽亾鎸戞垬
   鉁?涓嬩竴鍏冲垵濮嬪寲鎴愬姛: 鍗曞悜宸烽亾鎸戞垬, 鎷ｈ揣鍛? 3浜?鉁?PASS: 8. 楠岃瘉寰楀垎宸叉洿鏂板苟鍙繘鍏ヤ笅涓€鍏?
馃攧 娴嬭瘯绗簩鍏?- 鍗曞悜宸烽亾鍐茬獊鎷︽埅...

   鍏冲崱: 鍗曞悜宸烽亾鎸戞垬
   鍦板浘澶у皬: 10x10
   鍗曞悜宸烽亾鏁伴噺: 44
鉁?PASS: 9. 鍒濆鍖栫浜屽叧 - 楠岃瘉鍗曞悜宸烽亾閰嶇疆
   鐩存帴娴嬭瘯纰版挒妫€娴嬫ā鍧楃殑 checkResourceAvailability 鍑芥暟...
   鍙敤鎺ㄨ溅: 2杈?   鎷ｈ揣鍛樻暟閲? 3浜?   娴嬭瘯1: 鏈夌┖闂叉嫞璐у憳鍜屽彲鐢ㄦ帹杞︽椂...
   缁撴灉: 閫氳繃 (鏃犻敊璇?
   娴嬭瘯2: 鏍囪鎵€鏈夋帹杞︿负宸蹭娇鐢?..
   缁撴灉: 澶辫触 - 娌℃湁鍙敤鐨勬帹杞?   娴嬭瘯3: 涓嶄娇鐢ㄦ帹杞︽椂锛屽嵆浣挎帹杞﹀叏琚崰鐢ㄤ篃搴斿厑璁告淳閬?..
   缁撴灉: 閫氳繃 (鏃犻敊璇?
   娴嬭瘯4: 鎵€鏈夋嫞璐у憳蹇欑鏃?..
   缁撴灉: 澶辫触 - 娌℃湁绌洪棽鐨勬嫞璐у憳
   鉁?鎺ㄨ溅涓嶈冻鎷︽埅姝ｅ父宸ヤ綔!
鉁?PASS: 10. 楠岃瘉鎺ㄨ溅涓嶈冻鎷︽埅 - 灏濊瘯鍒嗛厤瓒呰繃鍙敤鏁伴噺鐨勬帹杞?   鍏堟淳閬?灏忔槑 澶勭悊 O-001...
   绗竴娆℃淳閬? 鎴愬姛
   灏濊瘯鍐嶆娲鹃仯 灏忔槑 澶勭悊 O-002...
   绗簩娆℃淳閬? 澶辫触 - 鎷ｈ揣鍛?灏忔槑 姝ｅ湪蹇欑涓?鉁?PASS: 11. 楠岃瘉纰版挒妫€娴?- 蹇欑鎷ｈ揣鍛樹笉鑳借閲嶅娲鹃仯
   娴嬭瘯 validateDispatch 鐨勫畬鏁存娴嬮摼...
   鉁?鍗曞悜宸烽亾鍐茬獊妫€娴嬮€昏緫瀹屾暣瀛樺湪
鉁?PASS: 12. 楠岃瘉鍗曞悜宸烽亾鍐茬獊妫€娴嬫湭琚牬鍧?
馃摝 娴嬭瘯鑷畾涔夊叧鍗＄鐞嗗寮哄姛鑳?..

   瀵煎叆鑷畾涔夊叧鍗?..
   瀵煎叆鏃堕棿: 2026-06-17T02:07:29.917Z
   鉁?鑷畾涔夊叧鍗″鍏ユ垚鍔燂紝鍏冩暟鎹纭?鉁?PASS: 13. 鑷畾涔夊叧鍗″鍏?- 鍩烘湰瀵煎叆娴佺▼
   瀵煎叆鍚孖D涓嶅悓鍐呭鐨勫叧鍗★紙妯℃嫙瑕嗙洊锛?..
   棣栨瀵煎叆鏃堕棿淇濈暀: 2026-06-17T02:07:29.917Z
   鏈€鍚庝慨鏀规椂闂? 2026-06-17T02:07:29.919Z
   鉁?瑕嗙洊瀵煎叆鎴愬姛锛岄娆″鍏ユ椂闂翠繚鐣欙紝鎿嶄綔璁板綍姝ｇ‘
鉁?PASS: 14. 閲嶅瀵煎叆鍐茬獊 - 瑕嗙洊宸叉湁鑷畾涔夊叧鍗?   灏濊瘯瀵煎叆涓庡唴缃叧鍗″悓ID鐨勫叧鍗?..
   鉁?鍐呯疆鍏冲崱ID妫€娴嬫甯革紝鍐呯疆鍏冲崱涓嶅彲琚鐩?鉁?PASS: 15. 鍐呯疆鍏冲崱ID鍐茬獊鎷︽埅
   娴嬭瘯鍚勭鏃犳晥JSON...
   闈濲SON瀛楃涓? 瑙ｆ瀽澶辫触锛堥鏈熻涓猴級- Unexpected token 'o', "not jso
   涓嶅畬鏁碕SON: 瑙ｆ瀽澶辫触锛堥鏈熻涓猴級- Expected property name or '}' 
   null鍊? 瑙ｆ瀽鎴愬姛锛堝彲鑳芥槸鍚堟硶JSON浣嗕笉鍚堟硶鍏冲崱锛?   绌烘暟缁? 瑙ｆ瀽鎴愬姛锛堝彲鑳芥槸鍚堟硶JSON浣嗕笉鍚堟硶鍏冲崱锛?   娴嬭瘯缂哄皯蹇呰瀛楁鐨勫叧鍗?..
   楠岃瘉閿欒: 鍦板浘蹇呴』鑷冲皯鏈変竴涓嚭鐢熺偣锛圫PAWN锛? 鍦板浘蹇呴』鑷冲皯鏈変竴涓墦鍖呭彴锛圥ACKING锛? 鍦板浘蹇呴』鑷冲皯鏈変竴涓揣鏋讹紙SHELF锛? 鍏冲崱蹇呴』鑷冲皯鏈変竴涓鍗? 鎷ｈ揣鍛樻暟閲?2)涓嶈兘瓒呰繃鍑虹敓鐐规暟閲?0)
   鉁?鍧廕SON鏍煎紡楠岃瘉姝ｅ父
鉁?PASS: 16. 鍧廕SON鏍煎紡楠岃瘉
   娴嬭瘯璁㈠崟寮曠敤涓嶅瓨鍦ㄧ殑璐ф灦...
   楠岃瘉閿欒: 璁㈠崟 O-001 寮曠敤浜嗘湭鐭ョ殑璐ф灦 S-NONEXISTENT
   鉁?鏈煡璐ф灦楠岃瘉姝ｅ父
鉁?PASS: 17. 鏈煡璐ф灦楠岃瘉
   鍒犻櫎鑷畾涔夊叧鍗?custom-test-1...
   鉁?鑷畾涔夊叧鍗″垹闄ゆ垚鍔?鉁?PASS: 18. 鍒犻櫎鑷畾涔夊叧鍗?   娴嬭瘯鎾ら攢鍒犻櫎...
   蹇収鍏冲崱鍚? 娴嬭瘯鑷畾涔夊叧鍗2
   鉁?鎾ら攢鍒犻櫎鎴愬姛锛屽叧鍗″凡鎭㈠
   鉁?鎾ら攢蹇収宸叉竻闄?鉁?PASS: 19. 鍒犻櫎鍚庢挙閿€鎭㈠
   灏濊瘯鍐嶆鎾ら攢锛堟棤蹇収锛?..
   鉁?鍗曟鎾ら攢闄愬埗姝ｅ父
鉁?PASS: 20. 鍗曟鎾ら攢闄愬埗 - 鍐嶆鎾ら攢搴斿け璐?   妫€鏌ユ渶杩戞搷浣滆褰?..
   鏈€杩戞搷浣? type=undo_delete, levelName=娴嬭瘯鑷畾涔夊叧鍗2, success=true
   鉁?鏈€杩戞搷浣滆褰曟纭?鉁?PASS: 21. 鏈€杩戞搷浣滆褰?   娓呴櫎涔嬪墠鐨勮嚜瀹氫箟鍏冲崱...
   閲嶆柊瀵煎叆鑷畾涔夊叧鍗?..
   瀵煎嚭鍏冲崱JSON...
   瀵煎嚭JSON闀垮害: 901 瀛楃
   鍒犻櫎鍘熷叧鍗?..
   閲嶆柊瀵煎叆瀵煎嚭鐨凧SON...
   鐢ㄩ噸鏂板鍏ョ殑鍏冲崱鍒濆鍖栨父鎴忓紩鎿?..
   鉁?瀵煎嚭鍐嶅鍏ュ線杩旈獙璇佹垚鍔?鉁?PASS: 22. 瀵煎嚭骞堕噸鏂板鍏?- 瀹屾暣寰€杩旈獙璇?   妯℃嫙椤甸潰鍒锋柊锛堥噸鏂颁粠 localStorage 鍔犺浇锛?..
   杩涘害: completedLevels=0, highScores=0
   鏈€杩戞搷浣? import - 娴嬭瘯鑷畾涔夊叧鍗?   鎾ら攢蹇収: 涓嶅瓨鍦?   鉁?璺ㄩ噸鍚姸鎬佷繚鐣欐甯?鉁?PASS: 23. 璺ㄩ噸鍚姸鎬佷繚鐣?- 妯℃嫙椤甸潰鍒锋柊
   妯℃嫙鍙﹀瓨涓烘柊鍏冲崱...
   鏂板叧鍗D: custom-test-1-copy
   鏂板叧鍗″悕绉? 娴嬭瘯鑷畾涔夊叧鍗2 (鍓湰)
   鉁?鍙﹀瓨涓烘柊鍏冲崱鎴愬姛
鉁?PASS: 24. 瀵煎叆鍐茬獊鏃剁殑鍙﹀瓨涓烘柊鍏冲崱
   娴嬭瘯鍐呯疆鍏冲崱ID娉ㄥ唽...
   鉁?鍐呯疆鍏冲崱ID娉ㄥ唽鏈哄埗姝ｅ父
鉁?PASS: 25. 鍐呯疆鍏冲崱ID娉ㄥ唽鏈哄埗
   鍒犻櫎鍚庢鏌ユ搷浣滆褰?..
   鎿嶄綔: delete, 鍙挙閿€: true
   鉁?鍒犻櫎鍚庢搷浣滆褰曟纭?鉁?PASS: 26. 鍒犻櫎鍚庢搷浣滆褰曚繚鐣?
馃摝 娴嬭瘯鏁村寘澶囦唤/鎭㈠澧炲己鍔熻兘...

   鉁?绌哄浠界敓鎴愭垚鍔?鉁?PASS: 27. 鏁村寘澶囦唤 - 绌烘暟鎹椂鐢熸垚澶囦唤
   鍏冲崱A: id=custom-batch-a, name=鎵归噺娴嬭瘯鍏冲崱A, highScore=500
   鍏冲崱B: id=custom-batch-b, name=鎵归噺娴嬭瘯鍏冲崱B, highScore=0
   鉁?瀹屾暣澶囦唤鐢熸垚鎴愬姛锛屽寘鍚叧鍗℃暟鎹€佹渶楂樺垎銆佸厓鏁版嵁
鉁?PASS: 28. 鏁村寘澶囦唤 - 鏈夋暟鎹椂鐢熸垚瀹屾暣澶囦唤
   娴嬭瘯鍚勭鏃犳晥澶囦唤鏍煎紡...
   鉁?澶囦唤鏍煎紡楠岃瘉姝ｅ父
鉁?PASS: 29. 澶囦唤鏁版嵁楠岃瘉 - 鏍煎紡鏍￠獙
   鏂板: 2, 鍐茬獊: 0, 鍐呯疆鍐茬獊: 0, 鍧忔潯鐩? 0
   鉁?鍏ㄦ柊澧炲叧鍗￠妫€姝ｇ‘
鉁?PASS: 30. 棰勬 - 鍏ㄦ柊澧炲叧鍗?   鎬昏: 5, 鏈夋晥: 3
   鏂板: 1, 鍐茬獊: 1, 鍐呯疆鍐茬獊: 1, 鍧忔潯鐩? 2
   鉁?娣峰悎鍦烘櫙棰勬姝ｇ‘
鉁?PASS: 31. 棰勬 - 閮ㄥ垎鍐茬獊 + 鍐呯疆ID鍐茬獊 + 鍧忔潯鐩?   瀵煎叆: 2, 璺宠繃: 0, 澶辫触: 0
   counts: new=2, overwrite=0, saveAsNew=0
   鉁?鍏ㄦ柊澧炲叧鍗℃壒閲忔仮澶嶆垚鍔?鉁?PASS: 32. 鎵归噺鎭㈠ - 鍏ㄦ柊澧炲叧鍗″鍏?   瀵煎叆: 2, 璺宠繃: 1, 澶辫触: 0
   瑕嗙洊: 1, 鍙﹀瓨涓? 0
   鉁?娣峰悎鍐茬獊澶勭悊姝ｇ‘
鉁?PASS: 33. 鎵归噺鎭㈠ - 鍐茬獊澶勭悊锛氳鐩?+ 璺宠繃 + 鍙﹀瓨涓哄壇鏈?   鍘烮D: custom-batch-a, 鏂癐D: custom-batch-a-copy
   鏂板叧鍗″悕: 鎵归噺娴嬭瘯鍏冲崱A (鍓湰)
   鉁?鍙﹀瓨涓哄壇鏈姛鑳芥纭?鉁?PASS: 34. 鎵归噺鎭㈠ - 鍙﹀瓨涓哄壇鏈姛鑳?   瀵煎叆: 1, 澶辫触: 1
   澶辫触鍘熷洜: 涓庡唴缃叧鍗D鍐茬獊锛屾棤娉曞鍏ワ紙閫夋嫨"鍙﹀瓨涓哄壇鏈?鍙粫杩囷級
   鉁?鍐呯疆鍏冲崱ID鍐茬獊鎷︽埅姝ｇ‘
鉁?PASS: 35. 鎵归噺鎭㈠ - 鍐呯疆鍏冲崱ID鍐茬獊鎷︽埅
   鎾ら攢鍓? 1 涓叧鍗?   鎭㈠鍚? 2 涓叧鍗?   鎾ら攢鍚? 1 涓叧鍗?   鉁?鎵归噺鎭㈠鎾ら攢鍔熻兘姝ｇ‘
鉁?PASS: 36. 鎵归噺鎭㈠鎾ら攢 - 瀹屾暣鎾ら攢涓€娆℃仮澶?   鎾ら攢缁撴灉: success=false, reason=no_undo_snapshot
   鉁?鏃犲揩鐓ф椂鎾ら攢鎷︽埅姝ｇ‘
鉁?PASS: 37. 鎵归噺鎭㈠鎾ら攢 - 鏃犲揩鐓ф椂鎾ら攢澶辫触
   妯℃嫙椤甸潰鍒锋柊锛堥噸鏂颁粠 localStorage 鍔犺浇锛?..
   鑷畾涔夊叧鍗℃暟: 2
   鎾ら攢蹇収: 瀛樺湪
   涓婃鎭㈠淇℃伅: imported=1, new=1
   鍘嗗彶璁板綍鏉℃暟: 6
   鉁?璺ㄩ噸鍚姸鎬佷繚鐣欐甯?鉁?PASS: 38. 璺ㄩ噸鍚姸鎬佷繚鐣?- 鎵归噺鎭㈠鐩稿叧鐘舵€?   鏉ユ簮绫诲瀷: batch_import
   鏈€杩戞搷浣? batch_restore_import
   鉁?鍏冩暟鎹鐞嗘纭?鉁?PASS: 39. 鍏冩暟鎹繚鐣?- 瀵煎叆鏃堕棿銆佹渶杩戞搷浣滅瓑
   绗竴娆℃仮澶嶅悗: 1涓叧鍗?   绗簩娆℃仮澶嶅悗: 2涓叧鍗?   鎾ら攢鍚? 1 涓叧鍗★紙搴斿墿涓嬬涓€娆＄殑锛?   鉁?澶氭鎭㈠鍙繚鐣欐渶杩戜竴娆℃挙閿€蹇収
鉁?PASS: 40. 澶氭鎵归噺鎭㈠ - 鍙繚鐣欐渶杩戜竴娆℃挙閿€蹇収
   鎬昏: 3, 鏈夋晥: 2, 鍧忔潯鐩? 1
   鍧忔潯鐩師鍥? 鍏冲崱楠岃瘉澶辫触: 璁㈠崟 O-BAD 寮曠敤浜嗘湭鐭ョ殑璐ф灦 S-NOT-EXIST
   鉁?璇箟鍧忓叧鍗￠妫€鎷︽埅姝ｇ‘
鉁?PASS: 41. 棰勬鎷︽埅 - 璇箟鍧忓叧鍗★紙璁㈠崟寮曠敤涓嶅瓨鍦ㄨ揣鏋讹級
   鍧忔潯鐩師鍥? 鍏冲崱楠岃瘉澶辫触: 鍦板浘蹇呴』鑷冲皯鏈変竴涓嚭鐢熺偣锛圫PAWN锛? 鍦板浘蹇呴』鑷冲皯鏈変竴涓揣鏋讹紙SHELF锛? 璁㈠崟 O-1 寮曠敤浜嗘湭鐭ョ殑璐ф灦 S1; 鎷ｈ揣鍛樻暟閲?1)涓嶈兘瓒呰繃鍑虹敓鐐规暟閲?0)
   鉁?缂哄皯蹇呰鍏冪礌鐨勫潖鍏冲崱棰勬鎷︽埅姝ｇ‘
鉁?PASS: 42. 棰勬鎷︽埅 - 缂哄皯鍑虹敓鐐?鎵撳寘鍙?璐ф灦鐨勫潖鍏冲崱
   瀵煎叆: 2, 鍧忓叧鍗℃湭瀵煎叆: custom-bad
   鉁?鍧忓叧鍗′笉浼氳瀵煎叆涓昏彍鍗?鉁?PASS: 43. 鎵归噺鎭㈠ - 娣峰叆鍧忓叧鍗℃椂鍙鍏ュソ鍏冲崱
   鎬昏: 4, 鏈夋晥: 3, 鍐茬獊: 1, 鏂板: 1, 鍐呯疆: 1, 鍧忔潯鐩? 1
   鉁?娣峰悎鍦烘櫙涓嬪悇绫绘潯鐩粺璁℃纭?鉁?PASS: 44. 缁撴灉鎽樿 - 鍧忔潯鐩粺璁℃纭?   妯℃嫙椤甸潰鍒锋柊锛堥噸鏂板姞杞斤級...
   鉁?鍘熸湁閾捐矾锛堟柊澧?鍐茬獊/鎾ら攢/鍒锋柊锛夊叏閮ㄦ甯?鉁?PASS: 45. 鍘熸湁閾捐矾楠岃瘉 - 鏈夋晥鏂板+鍐茬獊+鎾ら攢+鍒锋柊淇濈暀姝ｅ父
   鍐崇瓥寮鸿import浜嗗潖鍏冲崱custom-hack-bad
   鏁版嵁灞備簩娆℃牎楠屼粛鎷︿綇锛宻kipped鍘熷洜: 鏍￠獙澶辫触: 璁㈠崟 O-EVIL 寮曠敤浜嗘湭鐭ョ殑璐ф灦 S-FAKE
   涓昏彍鍗曞叧鍗℃暟: 1, 鍧忓叧鍗″啓鍏? 鍚?   鉁?鏁版嵁灞傚厹搴曟湁鏁堬細鎭舵剰绡℃敼鍐崇瓥涔熷啓涓嶈繘鍘?鉁?PASS: 46. 鏁版嵁灞傚厹搴?- 鎭舵剰绡℃敼鍧忔潯鐩喅绛栦负import浠嶈鎷︽埅
   灏濊瘯overwrite+save_as_new涓や釜璇箟鍧忓叧鍗?   imported: 0, skipped: 2
   鍘熷叧鍗″悕绉颁繚鎸? 鎵归噺娴嬭瘯鍏冲崱A锛堟湭琚鐩栵級
   鉁?overwrite鍜宻ave_as_new鐨勮涔夊潖鍏冲崱涔熻鏁版嵁灞傛嫤浣?鉁?PASS: 47. 鏁版嵁灞傚厹搴?- overwrite鍧忓叧鍗′篃琚嫤浣?save_as_new鍧忓叧鍗′篃琚嫤浣?   decisions=undefined: skipped=2, levels=0
   decisions={}:        skipped=2, levels=0
   鉁?decisions缂哄け/鐣欑┖鏃跺畨鍏ㄩ粯璁kip锛屼笉鍐欏叆浠讳綍涓滆タ
鉁?PASS: 48. 鏁版嵁灞傚厹搴?- 鍐崇瓥鏁扮粍瀹屽叏缂哄け鏃堕粯璁kip+decisions鐣欑┖涔熷畨鍏?   recordId: restore-1781662049968-tom56q
   counts: total=6, imported=3, new=1, overwrite=1, saveAsNew=1
   counts: skipped=1, builtin=1, bad=1, failed=2
   鍘嗗彶璁板綍鏉℃暟: 10, 鎸塈D鏌ヨ鎴愬姛: true
   鉁?鎭㈠璁板綍缁撴瀯瀹屾暣锛岃法鍒锋柊鎸佷箙鍖栨甯?鉁?PASS: 49. 鎭㈠璁板綍鎸佷箙鍖?- 璁板綍缁撴瀯瀹屾暣+localStorage璺ㄥ埛鏂颁繚鐣?   瀵煎嚭JSON澶у皬: 2002 瀛楃
   鍒嗙被鏉＄洰鏁? overwrite=1, new=1, builtin=1, bad=1
   categories.overwrite[0].decision=overwrite锛堜笌鐢ㄦ埛閫夋嫨涓€鑷达級
   categories.new[0].decision=import锛堜笌鐢ㄦ埛閫夋嫨涓€鑷达級
   鉁?瀵煎嚭JSON缁撴瀯瀹屾暣锛屽啿绐佸垎鏀笌鍐崇瓥瀹屽叏涓€鑷?鉁?PASS: 50. 璁板綍瀵煎嚭JSON - 瀵煎嚭缁撴瀯瀹屾暣+鍐茬獊鍒嗘敮涓庡喅绛栦竴鑷?   鎾ら攢鍓? imported=3, undoable=true, undone=false
   鎾ら攢鍚? imported=0, undoable=false, undone=true
   鍏冲崱鏁版嵁鍥為€€: 瑕嗙洊鍚嶇О鎭㈠=true, 鏂板绉婚櫎=true, 鍓湰绉婚櫎=true
   鍘熷鏁版嵁澶囦唤: _originalDetailed瀛樺湪=true
   鉁?鎾ら攢鑱斿姩姝ｅ父锛氬叧鍗℃暟鎹?璁板綍鏁伴噺+鍚嶅崟+鍙挙閿€鏍囪鍏ㄩ儴鍚屾鍥為€€
鉁?PASS: 51. 鎾ら攢鑱斿姩 - 璁板綍鏁伴噺/鍏冲崱鍚嶅崟/鍙挙閿€鎻愮ず鍚屾鍥為€€
   瑕嗙洊: decision=overwrite, conflictType=id_conflict, 瀹為檯鐢熸晥=true
   鐢ㄦ埛璺宠繃: decision=skip, conflictType=id_conflict, 瀹為檯淇濈暀鍘熷悕=true
   ID鍐茬獊鍙﹀瓨: decision=save_as_new, conflictType=id_conflict, 鍘熷叧鍗′繚鐣?true, 鍓湰鍐欏叆=true
   鏃犲啿绐佸彟瀛? decision=save_as_new, conflictType=no_conflict, 鍐欏叆=true
   鍐呯疆鍙﹀瓨: decision=save_as_new, conflictType=builtin_conflict, 鍐欏叆瀛樺湪=true
   鍐呯疆璺宠繃: decision=skip, 鍘熷洜鍚唴缃?true
   鍧忔潯鐩? decision=import(鐢ㄦ埛閫夌殑), 瀹為檯杩涘叆skipped鍥犳牎楠屾嫤鎴? conflictType=validation_error
   saveAsNew鍏?鏉? 1涓猧d_conflict + 1涓猲o_conflict + 1涓猙uiltin_conflict
   瀵煎嚭JSON涓悇鍒嗙被鍐崇瓥鏍囩涓庣敤鎴峰師濮嬮€夋嫨瀹屽叏涓€鑷?   鉁?鎵€鏈夊啿绐佸垎鏀細瑕嗙洊/鍙﹀瓨涓?ID+鏃?鍐呯疆)/璺宠繃/鍐呯疆/鍧忔潯鐩?璁板綍+瀵煎嚭+瀹為檯涓夎€呭畬鍏ㄤ竴鑷?鉁?PASS: 52. 鍐茬獊鍒嗘敮涓€鑷存€?- 瑕嗙洊/鍙﹀瓨涓?鍐呯疆/鍧忔潯鐩?璁板綍鍜屽鍑轰笌鐢ㄦ埛鍐崇瓥涓€鑷?   璇诲彇index.html骞惰В鏋怐OM缁撴瀯...
   妫€鏌ユ牳蹇冨叆鍙ｆ寜閽?..
     鉁?#btn-backup-all 瀛樺湪
     鉁?#btn-restore-all 瀛樺湪
     鉁?#btn-view-restore-history 瀛樺湪
     鉁?#btn-undo-batch-restore 瀛樺湪
     鉁?#btn-open-last-restore-detail 瀛樺湪
     鉁?#btn-export-restore-result 瀛樺湪
     鉁?#btn-export-restore-detail 瀛樺湪
     鉁?#btn-close-restore-history 瀛樺湪
     鉁?#btn-close-restore-detail 瀛樺湪
   妫€鏌ユ仮澶嶈褰曠浉鍏崇殑寮圭獥/闈㈡澘瀹瑰櫒...
     鉁?#main-menu 瀛樺湪
     鉁?#last-restore-card 瀛樺湪
     鉁?#last-restore-card-content 瀛樺湪
     鉁?#restore-history-modal 瀛樺湪
     鉁?#restore-history-list 瀛樺湪
     鉁?#restore-detail-modal 瀛樺湪
     鉁?#restore-detail-status-bar 瀛樺湪
     鉁?#restore-detail-summary 瀛樺湪
     鉁?#restore-detail-tabs 瀛樺湪
     鉁?#restore-detail-tab-content 瀛樺湪
     鉁?#restore-result-modal 瀛樺湪
     鉁?#restore-result-summary 瀛樺湪
     鉁?#restore-result-details 瀛樺湪
     鉁?#batch-undo-bar 瀛樺湪
   妫€鏌ヨ鎯呴〉Tab鍒嗙被...
     鉁?Tab: new 瀛樺湪
     鉁?Tab: overwrite 瀛樺湪
     鉁?Tab: saveAsNew 瀛樺湪
     鉁?Tab: skipped 瀛樺湪
     鉁?Tab: builtinConflict 瀛樺湪
     鉁?Tab: badEntries 瀛樺湪
     鉁?Tab: failed 瀛樺湪
   妫€鏌cript鑴氭湰鍔犺浇椤哄簭...
     鉁?鑴氭湰椤哄簭姝ｇ‘: persistence(0) 鈫?models(1) 鈫?main(11)
   妫€鏌SS鏂囦欢寮曞叆...
     鉁?css/style.css 宸插紩鍏?   鉁?鐪熷疄椤甸潰鍏ュ彛DOM缁撴瀯瀹屾暣锛屽彲瑙ｆ瀽鍙惎鍔?鉁?PASS: 53. 鐪熷疄椤甸潰鍏ュ彛DOM缁撴瀯瑙ｆ瀽 - 涓昏彍鍗曞叆鍙?鎭㈠璁板綍鎸夐挳/寮圭獥瀹瑰櫒鍙В鏋?   馃摕 绗?娆℃ā鎷熼〉闈㈠埛鏂帮紙搴忓垪鍖杔ocalStorage鍚庡啀瑙ｆ瀽锛?..
   馃摕 绗?娆℃ā鎷熼〉闈㈠埛鏂?..
   馃摕 绗?娆℃ā鎷熼〉闈㈠埛鏂?..
   鉁?3娆℃ā鎷熷埛鏂板悗锛氳褰旾D/鏁伴噺/鍒嗙被/鐢ㄦ埛鍐崇瓥/鎾ら攢蹇収/鍘嗗彶璁板綍 鍏ㄩ儴瀹屾暣淇濈暀
鉁?PASS: 54. 璺ㄩ噸鍚寔涔呭寲娣卞害鍥炲綊 - 妯℃嫙3娆￠〉闈㈠埛鏂板悗璁板綍瀹屾暣
   馃捑 妯℃嫙灏嗗鍑篔SON鍐欏叆纾佺洏...
   馃摛 浠庣鐩橀噸鏂拌鍥炲鍑虹殑JSON鏂囦欢...
   馃攳 閫愰」瀵规瘮瀵煎嚭瀛楁...
     鉁?澶撮儴瀛楁锛坋xportType/exportedAt/record/undoable/decisions锛変竴鑷?     鉁?counts缁熻9涓瓧娈靛叏閮ㄤ竴鑷?     鉁?categories 7涓垎绫诲叡 6 鏉¤褰曞叏閮ㄩ€愰」瀛楁涓€鑷?     鉁?鍐茬獊鍒嗘敮缁嗚妭锛圛D鍐茬獊鍙﹀瓨涓?鍐呯疆鍐茬獊/鍧忔潯鐩牎楠屾嫤鎴級瀵煎嚭鍐呭姝ｇ‘
   鉁?瀵煎嚭JSON鈫掕惤鐩樷啋璇诲洖鈫掗€愰」瀵规瘮锛氬ご閮?9涓猚ounts/7涓垎绫?鎵€鏈夊瓧娈?鍐茬獊缁嗚妭 瀹屽叏涓€鑷?鉁?PASS: 55. 瀵煎嚭JSON寰€杩斿鏌?- 瀵煎嚭鈫掕惤鐩樷啋鍐嶈В鏋愨啋涓庡師璁板綍閫愰」瀵规瘮
   鎾ら攢鍓嶆鏌?..
   馃毃 鎵ц鎾ら攢鎵归噺鎭㈠...
   鎾ら攢鍚庡叧鍗℃暟鎹洖閫€妫€鏌?..
   鎾ら攢鍚庤褰曠粺璁″洖閫€妫€鏌?..
   鎾ら攢鍚庡彲鎾ら攢鎻愮ず鐘舵€佹鏌?..
   馃摕 鎾ら攢鍚庢ā鎷熷埛鏂帮紙楠岃瘉鐘舵€佹寔涔呭寲锛?..
   馃毇 灏濊瘯鍐嶆鎾ら攢锛堝簲澶辫触锛?..
   鎾ら攢鍚庡鍑篔SON楠岃瘉锛堢姸鎬佷篃搴斿悓姝ュ洖閫€锛?..
   鉁?鎾ら攢鑱斿姩娣卞害楠岃瘉鍏ㄩ儴閫氳繃锛?      - 鍏冲崱鏁版嵁锛堝悕绉?闅惧害/鏂板/鍓湰锛夊叏閮ㄥ洖閫€
      - 杩涘害鏁版嵁锛堟渶楂樺垎/瀹屾垚鐘舵€侊級鍏ㄩ儴鍥為€€
      - 璁板綍缁熻锛坈ounts 9瀛楁锛夊叏閮ㄥ洖閫€
      - 鍒嗙被鍚嶅崟锛坉etailed 7鍒嗙被锛夋柊澧?瑕嗙洊/鍙﹀瓨娓呯┖锛岃烦杩?鍐呯疆/鍧忔潯鐩笉鍙?      - 鍘熷鏁版嵁澶囦唤锛坃originalDetailed/_originalCounts/_originalSummary锛変繚鐣?      - 鍙挙閿€鏍囪锛坲ndoable鈫抐alse, undone鈫抰rue锛夊悓姝?      - 鎾ら攢蹇収娓呴櫎锛屽啀娆℃挙閿€鎷︽埅
      - 妯℃嫙鍒锋柊鍚庢墍鏈夌姸鎬佷粛姝ｇ‘锛堟寔涔呭寲鐢熸晥锛?      - 鎾ら攢鍚庡鍑篔SON鐨勭姸鎬?缁熻/鍒嗙被涔熷悓姝ュ洖閫€
鉁?PASS: 56. 鎾ら攢鑱斿姩娣卞害鍥炲綊 - 鎾ら攢鍚庤鎯?瀵煎嚭/鍒锋柊/鍐嶆挙閿€鍏ㄩ摼璺獙璇?   鎵ц鎵归噺鎭㈠锛?涓唴缃甀D锛?涓彟瀛樹负鍓湰锛?涓烦杩囷級+ 1涓櫘閫氭柊澧?   楠岃瘉缁熻鏁版嵁...
   楠岃瘉璇︾粏璁板綍...
   楠岃瘉鍏冲崱瀹為檯鍐欏叆...
   楠岃瘉杩涘害鏁版嵁...
   楠岃瘉瀵煎嚭JSON...
   鏂癐D: level-1-copy, 鏂板悕绉? 绗竴鍏?(鍓湰)
   鉁?鍐呯疆ID鍐茬獊鍙﹀瓨涓哄壇鏈畬鏁存祦绋嬮獙璇侀€氳繃
鉁?PASS: 57. 鍐呯疆鍏冲崱ID鍐茬獊鍙﹀瓨涓哄壇鏈?- 瀹屾暣娴佺▼楠岃瘉
   鎵ц鎭㈠锛氬唴缃甀D鍙﹀瓨涓哄壇鏈?+ 鏅€氭柊澧?   鎾ら攢鍓嶉獙璇?..
   鎵ц鎾ら攢...
   鎾ら攢鍚庨獙璇?..
   鎾ら攢鍚庡鍑洪獙璇?..
   鉁?鍐呯疆ID鍙﹀瓨涓哄壇鏈殑鎾ら攢鑱斿姩楠岃瘉閫氳繃
鉁?PASS: 58. 鍐呯疆ID鍐茬獊鍙﹀瓨涓哄壇鏈?- 鎾ら攢鑱斿姩楠岃瘉
   鏂板壇鏈琁D: level-1-copy
   馃摕 妯℃嫙椤甸潰鍒锋柊锛堝簭鍒楀寲/鍙嶅簭鍒楀寲localStorage锛?..
   鍒锋柊鍚庨獙璇佸叧鍗℃暟鎹?..
   鍒锋柊鍚庨獙璇佽繘搴︽暟鎹?..
   鍒锋柊鍚庨獙璇佹仮澶嶈褰?..
   鍒锋柊鍚庨獙璇佹挙閿€蹇収...
   鍒锋柊鍚庨獙璇佸鍑?..
   鉁?鍐呯疆ID鍙﹀瓨涓哄壇鏈法鍒锋柊鎸佷箙鍖栭獙璇侀€氳繃
鉁?PASS: 59. 鍐呯疆ID鍐茬獊鍙﹀瓨涓哄壇鏈?- 璺ㄥ埛鏂版寔涔呭寲楠岃瘉

=== 娴嬭瘯鎬荤粨 ===
閫氳繃: 59/59

馃帀 鎵€鏈夌鍒扮娴嬭瘯閫氳繃锛?
馃搵 楠岃瘉鐨勫姛鑳?
   鉁?寮€灞€鐘舵€佹纭紙鎷ｈ揣鍛樼┖闂诧級
   鉁?UI涓嬫媺閫夐」鐘舵€佹纭?   鉁?棣栨娲惧伐鍔熻兘姝ｅ父
   鉁?鎷ｈ揣鍛樼Щ鍔ㄦ甯革紙鐪熷疄閫愬抚16ms/甯э級
   鉁?鎷ｈ揣娴佺▼姝ｅ父
   鉁?鎵撳寘娴佺▼姝ｅ父
   鉁?璁㈠崟瀹屾垚鍜岀粨绠楁甯革紙寰楀垎澧炲姞锛?   鉁?娓告垙鑳滃埄锛堜笉鏄け璐ワ級
   鉁?鎿嶄綔搴忓垪璁板綍瀹屾暣
   鉁?鍙繘鍏ヤ笅涓€鍏?   鉁?鍗曞悜宸烽亾閰嶇疆姝ｇ‘
   鉁?鎺ㄨ溅涓嶈冻鎷︽埅姝ｅ父
   鉁?蹇欑鎷ｈ揣鍛樻嫤鎴甯?   鉁?鍗曞悜宸烽亾鍐茬獊妫€娴嬫湭琚牬鍧?   鉁?鑷畾涔夊叧鍗″鍏?鍏冩暟鎹?   鉁?閲嶅瀵煎叆鍐茬獊锛堣鐩栵級
   鉁?鍐呯疆鍏冲崱ID鍐茬獊鎷︽埅
   鉁?鍧廕SON鏍煎紡楠岃瘉
   鉁?鏈煡璐ф灦楠岃瘉
   鉁?鍒犻櫎鑷畾涔夊叧鍗?   鉁?鍒犻櫎鍚庢挙閿€鎭㈠
   鉁?鍗曟鎾ら攢闄愬埗
   鉁?鏈€杩戞搷浣滆褰?   鉁?瀵煎嚭鍐嶅鍏ュ畬鏁村線杩?   鉁?璺ㄩ噸鍚姸鎬佷繚鐣?   鉁?鍙﹀瓨涓烘柊鍏冲崱
   鉁?鍐呯疆鍏冲崱ID娉ㄥ唽
   鉁?鍒犻櫎鍚庢搷浣滆褰曚繚鐣?   鉁?棰勬璇箟鏍￠獙锛堣鍗曞紩鐢ㄤ笉瀛樺湪璐ф灦绛夛級
   鉁?鎵归噺鎭㈠娣峰叆鍧忓叧鍗″彧瀵煎叆濂界殑
   鉁?娣峰悎鍦烘櫙鍚勭被鏉＄洰缁熻姝ｇ‘
   鉁?鍘熸湁閾捐矾瀹屾暣淇濈暀锛堟柊澧?鍐茬獊/鎾ら攢/鍒锋柊锛?   鉁?鏁版嵁灞傚厹搴曪細鎭舵剰绡℃敼鍧忔潯鐩喅绛栦负import浠嶈鎷?   鉁?鏁版嵁灞傚厹搴曪細overwrite/save_as_new鍧忓叧鍗′篃琚嫤
   鉁?鏁版嵁灞傚厹搴曪細decisions缂哄け/鐣欑┖鏃堕粯璁kip瀹夊叏
   鉁?鎭㈠璁板綍鎸佷箙鍖栵細缁撴瀯瀹屾暣+7鍒嗙被+璺ㄥ埛鏂颁繚鐣?   鉁?璁板綍瀵煎嚭JSON锛氱粨鏋勫畬鏁?鍐茬獊鍐崇瓥涓庣敤鎴烽€夋嫨涓€鑷?   鉁?鎾ら攢鑱斿姩锛氳褰曟暟閲?鍏冲崱鍚嶅崟/鍙挙閿€鏍囪鍏ㄩ儴鍚屾鍥為€€
   鉁?鍐茬獊鍒嗘敮涓€鑷存€э細瑕嗙洊/鍙﹀瓨/鍐呯疆/鍧忔潯鐩?璁板綍+瀵煎嚭+瀹為檯涓夎€呬竴鑷?   鉁?鐪熷疄椤甸潰鍏ュ彛DOM锛氭寜閽?寮圭獥瀹瑰櫒/7涓猅ab/鑴氭湰鍔犺浇椤哄簭/CSS寮曞叆 鍏ㄩ儴鍙В鏋?   鉁?璺ㄩ噸鍚寔涔呭寲锛?娆℃ā鎷熷埛鏂板悗璁板綍ID/缁熻/鍒嗙被/蹇収/鍘嗗彶 鍏ㄩ儴瀹屾暣淇濈暀
   鉁?瀵煎嚭JSON寰€杩旓細钀界洏鈫掕鍥炩啋澶撮儴/9涓猚ounts/7鍒嗙被/鍐茬獊缁嗚妭 瀹屽叏涓€鑷?   鉁?鎾ら攢鑱斿姩娣卞害锛氬叧鍗?杩涘害鍥為€€+璁板綍缁熻褰掗浂+鍘熷澶囦唤淇濈暀+鍒锋柊鎸佷箙鍖?鍐嶆鎾ら攢鎷︽埅+瀵煎嚭鍚屾鍥為€€
